// Jest Snapshot v1, https://goo.gl/fbAQLP

exports[`Favorites should match the snapshot of the favorites component ont he page 1`] = `
ShallowWrapper {
  "length": 1,
  Symbol(enzyme.__root__): [Circular],
  Symbol(enzyme.__unrendered__): <Favorites
    count={1}
    showFavorites={[Function]}
/>,
  Symbol(enzyme.__renderer__): Object {
    "batchedUpdates": [Function],
    "getNode": [Function],
    "render": [Function],
    "simulateEvent": [Function],
    "unmount": [Function],
  },
  Symbol(enzyme.__node__): Object {
    "instance": null,
    "key": undefined,
    "nodeType": "host",
    "props": Object {
      "children": <button
        className="showFavorites-button"
        onClick={[Function]}
>
         Favoites
        <span
                className="fav-counter"
        >
                 
                1
                 
        </span>
</button>,
      "className": "favorites-display",
    },
    "ref": null,
    "rendered": Object {
      "instance": null,
      "key": undefined,
      "nodeType": "host",
      "props": Object {
        "children": Array [
          " Favoites",
          <span
            className="fav-counter"
>
             
            1
             
</span>,
        ],
        "className": "showFavorites-button",
        "onClick": [Function],
      },
      "ref": null,
      "rendered": Array [
        " Favoites",
        Object {
          "instance": null,
          "key": undefined,
          "nodeType": "host",
          "props": Object {
            "children": Array [
              " ",
              1,
              " ",
            ],
            "className": "fav-counter",
          },
          "ref": null,
          "rendered": Array [
            " ",
            1,
            " ",
          ],
          "type": "span",
        },
      ],
      "type": "button",
    },
    "type": "div",
  },
  Symbol(enzyme.__nodes__): Array [
    Object {
      "instance": null,
      "key": undefined,
      "nodeType": "host",
      "props": Object {
        "children": <button
          className="showFavorites-button"
          onClick={[Function]}
>
           Favoites
          <span
                    className="fav-counter"
          >
                     
                    1
                     
          </span>
</button>,
        "className": "favorites-display",
      },
      "ref": null,
      "rendered": Object {
        "instance": null,
        "key": undefined,
        "nodeType": "host",
        "props": Object {
          "children": Array [
            " Favoites",
            <span
              className="fav-counter"
>
               
              1
               
</span>,
          ],
          "className": "showFavorites-button",
          "onClick": [Function],
        },
        "ref": null,
        "rendered": Array [
          " Favoites",
          Object {
            "instance": null,
            "key": undefined,
            "nodeType": "host",
            "props": Object {
              "children": Array [
                " ",
                1,
                " ",
              ],
              "className": "fav-counter",
            },
            "ref": null,
            "rendered": Array [
              " ",
              1,
              " ",
            ],
            "type": "span",
          },
        ],
        "type": "button",
      },
      "type": "div",
    },
  ],
  Symbol(enzyme.__options__): Object {
    "adapter": ReactSixteenAdapter {
      "options": Object {
        "enableComponentDidUpdateOnSetState": true,
      },
    },
  },
}
`;
