// Jest Snapshot v1, https://goo.gl/fbAQLP

exports[`CardContainer should match the snapshot if the cards are rendered on page 1`] = `[Function]`;
