// Jest Snapshot v1, https://goo.gl/fbAQLP

exports[`OpeningScroll should match the snapshot of  scroll on page load 1`] = `
ShallowWrapper {
  "length": 1,
  Symbol(enzyme.__root__): [Circular],
  Symbol(enzyme.__unrendered__): <OpeningScroll
    randomScroll={
        Object {
            "crawl": "War! The Republic is crumbling",
            "releaseDate": "2005-05-19",
            "title": "Revenge of the Sith",
          }
    }
/>,
  Symbol(enzyme.__renderer__): Object {
    "batchedUpdates": [Function],
    "getNode": [Function],
    "render": [Function],
    "simulateEvent": [Function],
    "unmount": [Function],
  },
  Symbol(enzyme.__node__): Object {
    "instance": null,
    "key": undefined,
    "nodeType": "host",
    "props": Object {
      "children": <section
        className="star-wars"
>
        <div
                className="crawl"
        >
                <h1
                        className="title"
                >
                         
                        Revenge of the Sith
                         
                </h1>
                <p>
                        War! The Republic is crumbling
                </p>
                <h2>
                        2005-05-19
                         
                </h2>
        </div>
</section>,
      "className": "fade",
    },
    "ref": null,
    "rendered": Object {
      "instance": null,
      "key": undefined,
      "nodeType": "host",
      "props": Object {
        "children": <div
          className="crawl"
>
          <h1
                    className="title"
          >
                     
                    Revenge of the Sith
                     
          </h1>
          <p>
                    War! The Republic is crumbling
          </p>
          <h2>
                    2005-05-19
                     
          </h2>
</div>,
        "className": "star-wars",
      },
      "ref": null,
      "rendered": Object {
        "instance": null,
        "key": undefined,
        "nodeType": "host",
        "props": Object {
          "children": Array [
            <h1
              className="title"
>
               
              Revenge of the Sith
               
</h1>,
            <p>
              War! The Republic is crumbling
</p>,
            <h2>
              2005-05-19
               
</h2>,
          ],
          "className": "crawl",
        },
        "ref": null,
        "rendered": Array [
          Object {
            "instance": null,
            "key": undefined,
            "nodeType": "host",
            "props": Object {
              "children": Array [
                " ",
                "Revenge of the Sith",
                " ",
              ],
              "className": "title",
            },
            "ref": null,
            "rendered": Array [
              " ",
              "Revenge of the Sith",
              " ",
            ],
            "type": "h1",
          },
          Object {
            "instance": null,
            "key": undefined,
            "nodeType": "host",
            "props": Object {
              "children": "War! The Republic is crumbling",
            },
            "ref": null,
            "rendered": "War! The Republic is crumbling",
            "type": "p",
          },
          Object {
            "instance": null,
            "key": undefined,
            "nodeType": "host",
            "props": Object {
              "children": Array [
                "2005-05-19",
                " ",
              ],
            },
            "ref": null,
            "rendered": Array [
              "2005-05-19",
              " ",
            ],
            "type": "h2",
          },
        ],
        "type": "div",
      },
      "type": "section",
    },
    "type": "div",
  },
  Symbol(enzyme.__nodes__): Array [
    Object {
      "instance": null,
      "key": undefined,
      "nodeType": "host",
      "props": Object {
        "children": <section
          className="star-wars"
>
          <div
                    className="crawl"
          >
                    <h1
                              className="title"
                    >
                               
                              Revenge of the Sith
                               
                    </h1>
                    <p>
                              War! The Republic is crumbling
                    </p>
                    <h2>
                              2005-05-19
                               
                    </h2>
          </div>
</section>,
        "className": "fade",
      },
      "ref": null,
      "rendered": Object {
        "instance": null,
        "key": undefined,
        "nodeType": "host",
        "props": Object {
          "children": <div
            className="crawl"
>
            <h1
                        className="title"
            >
                         
                        Revenge of the Sith
                         
            </h1>
            <p>
                        War! The Republic is crumbling
            </p>
            <h2>
                        2005-05-19
                         
            </h2>
</div>,
          "className": "star-wars",
        },
        "ref": null,
        "rendered": Object {
          "instance": null,
          "key": undefined,
          "nodeType": "host",
          "props": Object {
            "children": Array [
              <h1
                className="title"
>
                 
                Revenge of the Sith
                 
</h1>,
              <p>
                War! The Republic is crumbling
</p>,
              <h2>
                2005-05-19
                 
</h2>,
            ],
            "className": "crawl",
          },
          "ref": null,
          "rendered": Array [
            Object {
              "instance": null,
              "key": undefined,
              "nodeType": "host",
              "props": Object {
                "children": Array [
                  " ",
                  "Revenge of the Sith",
                  " ",
                ],
                "className": "title",
              },
              "ref": null,
              "rendered": Array [
                " ",
                "Revenge of the Sith",
                " ",
              ],
              "type": "h1",
            },
            Object {
              "instance": null,
              "key": undefined,
              "nodeType": "host",
              "props": Object {
                "children": "War! The Republic is crumbling",
              },
              "ref": null,
              "rendered": "War! The Republic is crumbling",
              "type": "p",
            },
            Object {
              "instance": null,
              "key": undefined,
              "nodeType": "host",
              "props": Object {
                "children": Array [
                  "2005-05-19",
                  " ",
                ],
              },
              "ref": null,
              "rendered": Array [
                "2005-05-19",
                " ",
              ],
              "type": "h2",
            },
          ],
          "type": "div",
        },
        "type": "section",
      },
      "type": "div",
    },
  ],
  Symbol(enzyme.__options__): Object {
    "adapter": ReactSixteenAdapter {
      "options": Object {
        "enableComponentDidUpdateOnSetState": true,
      },
    },
  },
}
`;
