// Jest Snapshot v1, https://goo.gl/fbAQLP

exports[`Card should match the snapshot when cards are rendered on the page 1`] = `[Function]`;
